# serializer version: 1
# name: test_diagnostics
  dict({
    'coordinator_data': dict({
      'al_dewpoint_active': False,
      'al_maxtime_antileg_active': False,
      'al_maxtime_dhw_active': False,
      'al_underfloorsafety_active': False,
      'alarmmng_al_pwrplus': False,
      'alarmmng_al_workinghour': False,
      'alrm_flw': False,
      'antilegionella_frcstart_ant': False,
      'aout_srcpmp_val': 45.0,
      'aout_srcvalve_val': 45.0,
      'aout_usrpmp_val': 45.0,
      'bms_demand': False,
      'bms_sgready_a': False,
      'bms_sgready_b': False,
      'bms_summerwinter': False,
      'boostersecurity': False,
      'bufferprb_en': False,
      'comppwrreq': 45.0,
      'compressor_speed': 45.0,
      'coolingalrms': False,
      'coolsetp_1': 45.0,
      'cop_calc': 45.0,
      'daynightmode': False,
      'dewpoint': False,
      'dhw_regreq': 45.0,
      'dhw_setp': 45.0,
      'dout_bufferpmp_val': False,
      'dout_cooling_val': False,
      'dout_fourwayvlv_val': False,
      'dout_heaterstep1_val': False,
      'dout_heaterstep2_val': False,
      'dout_heaterstep3_val': False,
      'dout_srcpmp_val': False,
      'dout_threewayvlv_val': False,
      'dout_usrpmp_val': False,
      'en_dhwpid': False,
      'en_plantsetp_compens': False,
      'energy_total_electric': 45.0,
      'energy_total_thermic': 45.0,
      'flow': 45.0,
      'flow_rate': 45.0,
      'glbal': False,
      'heatingalrms': False,
      'heatsetp_1': 45.0,
      'id_demand': False,
      'id_summerwinter': False,
      'keybonoff': False,
      'modbus_demand': False,
      'modbus_roomtemp': 45.0,
      'plantdemand': False,
      'plantprb_en': False,
      'plantsetp': 45.0,
      'power_electric': 45.0,
      'power_thermic': 45.0,
      'regsetp': 45.0,
      'regulation_buffersetp_max': 45.0,
      'regulation_buffersetp_min': 45.0,
      'req_antileg_1': False,
      'roomprb_en': False,
      'setpoint_dhw': 45.0,
      'setpoint_room_cool_day': 45.0,
      'setpoint_room_cool_night': 45.0,
      'setpoint_room_heat_day': 45.0,
      'setpoint_room_heat_night': 45.0,
      'srcflw': False,
      'srsalrm': False,
      'status_code': 45.0,
      'surplus_pv': False,
      'tapw_timeprogram_bms_forced': False,
      'tapw_timeprogram_dhws': 45.0,
      'tapw_timeprogram_dhws_prog': 45.0,
      'tapw_timeprogram_dhwsetp_nolinq': 45.0,
      'tapw_timeprogram_dt_bms': 45.0,
      'temp_dhw': 45.0,
      'temp_outside': 45.0,
      'temp_return': 45.0,
      'temp_room': 45.0,
      'temp_source_in': 45.0,
      'temp_source_out': 45.0,
      'temp_supply': 45.0,
      'thermostat_coolsetp_day': 45.0,
      'thermostat_coolsetp_night': 45.0,
      'thermostat_heatsetp_day': 45.0,
      'thermostat_heatsetp_night': 45.0,
      'thermostatdemand': False,
      'usr_pid_coolsetp': 45.0,
      'usr_pid_heatsetp': 45.0,
      'usralrms': False,
      'workinghours_cool_hrsret': 45.0,
      'workinghours_dhw_hrsret': 45.0,
      'workinghours_heat_hrsret': 45.0,
      'workinghours_heater1_hrs': 45.0,
      'workinghours_heater2_hrs': 45.0,
      'workinghours_heater3_hrs': 45.0,
    }),
    'entities': list([
      dict({
        'address': 0,
        'name': 'Source pump power supply',
        'platform': 'binary_sensor',
        'unique_id': 'dout_srcpmp_val',
      }),
      dict({
        'address': 1,
        'name': 'User pump power supply',
        'platform': 'binary_sensor',
        'unique_id': 'dout_usrpmp_val',
      }),
      dict({
        'address': 2,
        'name': 'Four-way valve control',
        'platform': 'binary_sensor',
        'unique_id': 'dout_fourwayvlv_val',
      }),
      dict({
        'address': 3,
        'name': 'Cooling active output',
        'platform': 'binary_sensor',
        'unique_id': 'dout_cooling_val',
      }),
      dict({
        'address': 4,
        'name': 'Three-way valve output (CV/DHW)',
        'platform': 'binary_sensor',
        'unique_id': 'dout_threewayvlv_val',
      }),
      dict({
        'address': 5,
        'name': 'Buffer pump output',
        'platform': 'binary_sensor',
        'unique_id': 'dout_bufferpmp_val',
      }),
      dict({
        'address': 6,
        'name': 'Heater 1 output',
        'platform': 'binary_sensor',
        'unique_id': 'dout_heaterstep1_val',
      }),
      dict({
        'address': 7,
        'name': 'Heater 2 output',
        'platform': 'binary_sensor',
        'unique_id': 'dout_heaterstep2_val',
      }),
      dict({
        'address': 8,
        'name': 'Heater 3 output',
        'platform': 'binary_sensor',
        'unique_id': 'dout_heaterstep3_val',
      }),
      dict({
        'address': 9,
        'name': 'Heat pump keypad status',
        'platform': 'binary_sensor',
        'unique_id': 'keybonoff',
      }),
      dict({
        'address': 10,
        'name': 'Alarm: Max time anti-legionella exceeded',
        'platform': 'binary_sensor',
        'unique_id': 'al_maxtime_antileg_active',
      }),
      dict({
        'address': 11,
        'name': 'Alarm: Max time DHW exceeded',
        'platform': 'binary_sensor',
        'unique_id': 'al_maxtime_dhw_active',
      }),
      dict({
        'address': 12,
        'name': 'Alarm: Dewpoint activated',
        'platform': 'binary_sensor',
        'unique_id': 'al_dewpoint_active',
      }),
      dict({
        'address': 13,
        'name': 'Alarm: Supply too hot (CV)',
        'platform': 'binary_sensor',
        'unique_id': 'al_underfloorsafety_active',
      }),
      dict({
        'address': 15,
        'name': 'Alarm: Flow CV',
        'platform': 'binary_sensor',
        'unique_id': 'alrm_flw',
      }),
      dict({
        'address': 16,
        'name': 'Alarm: Collective alarm CV',
        'platform': 'binary_sensor',
        'unique_id': 'usralrms',
      }),
      dict({
        'address': 17,
        'name': 'Alarm: Collective alarm cooling',
        'platform': 'binary_sensor',
        'unique_id': 'coolingalrms',
      }),
      dict({
        'address': 18,
        'name': 'Alarm: Collective alarm heating',
        'platform': 'binary_sensor',
        'unique_id': 'heatingalrms',
      }),
      dict({
        'address': 19,
        'name': 'Alarm: Working hours',
        'platform': 'binary_sensor',
        'unique_id': 'alarmmng_al_workinghour',
      }),
      dict({
        'address': 20,
        'name': 'Alarm: Collective alarm source',
        'platform': 'binary_sensor',
        'unique_id': 'srsalrm',
      }),
      dict({
        'address': 21,
        'name': 'Global Alarm',
        'platform': 'binary_sensor',
        'unique_id': 'glbal',
      }),
      dict({
        'address': 22,
        'name': 'Alarm: Collective alarm compressor',
        'platform': 'binary_sensor',
        'unique_id': 'alarmmng_al_pwrplus',
      }),
      dict({
        'address': 23,
        'name': 'Room sensor activated',
        'platform': 'binary_sensor',
        'unique_id': 'roomprb_en',
      }),
      dict({
        'address': 25,
        'name': 'Plant sensor demand',
        'platform': 'binary_sensor',
        'unique_id': 'plantdemand',
      }),
      dict({
        'address': 26,
        'name': 'DHW controller enabled',
        'platform': 'binary_sensor',
        'unique_id': 'en_dhwpid',
      }),
      dict({
        'address': 27,
        'name': 'Plant sensor activated',
        'platform': 'binary_sensor',
        'unique_id': 'plantprb_en',
      }),
      dict({
        'address': 28,
        'name': 'Buffer sensor activated',
        'platform': 'binary_sensor',
        'unique_id': 'bufferprb_en',
      }),
      dict({
        'address': 29,
        'name': 'Digital input demand',
        'platform': 'binary_sensor',
        'unique_id': 'id_demand',
      }),
      dict({
        'address': 30,
        'name': 'Digital input summer mode activated',
        'platform': 'binary_sensor',
        'unique_id': 'id_summerwinter',
      }),
      dict({
        'address': 31,
        'name': 'Digital input dewpoint activated',
        'platform': 'binary_sensor',
        'unique_id': 'dewpoint',
      }),
      dict({
        'address': 32,
        'name': 'Digital input booster activated',
        'platform': 'binary_sensor',
        'unique_id': 'boostersecurity',
      }),
      dict({
        'address': 34,
        'name': 'Digital input source flow activated',
        'platform': 'binary_sensor',
        'unique_id': 'srcflw',
      }),
      dict({
        'address': 37,
        'name': 'Day/night mode status',
        'platform': 'binary_sensor',
        'unique_id': 'daynightmode',
      }),
      dict({
        'address': 38,
        'name': 'Internal thermostat demand',
        'platform': 'binary_sensor',
        'unique_id': 'thermostatdemand',
      }),
      dict({
        'address': 39,
        'name': 'Anti-legionella enabled',
        'platform': 'binary_sensor',
        'unique_id': 'req_antileg_1',
      }),
      dict({
        'address': 19,
        'name': 'Heat demand active',
        'platform': 'binary_sensor',
        'unique_id': 'bms_demand',
      }),
      dict({
        'address': 64,
        'name': 'PV surplus active',
        'platform': 'binary_sensor',
        'unique_id': 'surplus_pv',
      }),
      dict({
        'address': 27,
        'name': 'Room setpoint heating (day)',
        'platform': 'sensor',
        'unique_id': 'thermostat_heatsetp_day',
      }),
      dict({
        'address': 29,
        'name': 'Room setpoint heating (night)',
        'platform': 'sensor',
        'unique_id': 'thermostat_heatsetp_night',
      }),
      dict({
        'address': 31,
        'name': 'Room setpoint cooling (day)',
        'platform': 'sensor',
        'unique_id': 'thermostat_coolsetp_day',
      }),
      dict({
        'address': 33,
        'name': 'Room setpoint cooling (night)',
        'platform': 'sensor',
        'unique_id': 'thermostat_coolsetp_night',
      }),
      dict({
        'address': 43,
        'name': 'dT flow temperature DHW',
        'platform': 'sensor',
        'unique_id': 'tapw_timeprogram_dt_bms',
      }),
      dict({
        'address': 44,
        'name': 'DHW setpoint (user)',
        'platform': 'sensor',
        'unique_id': 'tapw_timeprogram_dhws',
      }),
      dict({
        'address': 46,
        'name': 'DHW setpoint (time program, Linq min.)',
        'platform': 'sensor',
        'unique_id': 'tapw_timeprogram_dhws_prog',
      }),
      dict({
        'address': 99,
        'name': 'Minimum setpoint buffer regulation',
        'platform': 'sensor',
        'unique_id': 'regulation_buffersetp_min',
      }),
      dict({
        'address': 101,
        'name': 'Heat setpoint (no curve)',
        'platform': 'sensor',
        'unique_id': 'usr_pid_heatsetp',
      }),
      dict({
        'address': 103,
        'name': 'Cooling setpoint (no curve)',
        'platform': 'sensor',
        'unique_id': 'usr_pid_coolsetp',
      }),
      dict({
        'address': 169,
        'name': 'Max buffer setpoint (cooling)',
        'platform': 'sensor',
        'unique_id': 'regulation_buffersetp_max',
      }),
      dict({
        'address': 173,
        'name': 'DHW setpoint (Modbus)',
        'platform': 'sensor',
        'unique_id': 'tapw_timeprogram_dhwsetp_nolinq',
      }),
      dict({
        'address': 4,
        'name': 'User (CV) pump control %',
        'platform': 'sensor',
        'unique_id': 'aout_usrpmp_val',
      }),
      dict({
        'address': 6,
        'name': 'Source pump control %',
        'platform': 'sensor',
        'unique_id': 'aout_srcpmp_val',
      }),
      dict({
        'address': 8,
        'name': 'Source valve control %',
        'platform': 'sensor',
        'unique_id': 'aout_srcvalve_val',
      }),
      dict({
        'address': 14,
        'name': 'DHW regulation demand %',
        'platform': 'sensor',
        'unique_id': 'dhw_regreq',
      }),
      dict({
        'address': 16,
        'name': 'Compressor demand %',
        'platform': 'sensor',
        'unique_id': 'comppwrreq',
      }),
      dict({
        'address': 18,
        'name': 'Measured Flow',
        'platform': 'sensor',
        'unique_id': 'flow',
      }),
      dict({
        'address': 20,
        'name': 'Supply temperature CV',
        'platform': 'sensor',
        'unique_id': 'temp_supply',
      }),
      dict({
        'address': 22,
        'name': 'Return temperature CV',
        'platform': 'sensor',
        'unique_id': 'temp_return',
      }),
      dict({
        'address': 24,
        'name': 'Source temperature from roof',
        'platform': 'sensor',
        'unique_id': 'temp_source_in',
      }),
      dict({
        'address': 26,
        'name': 'Source temperature to roof',
        'platform': 'sensor',
        'unique_id': 'temp_source_out',
      }),
      dict({
        'address': 28,
        'name': 'Room temperature',
        'platform': 'sensor',
        'unique_id': 'temp_room',
      }),
      dict({
        'address': 30,
        'name': 'DHW temperature',
        'platform': 'sensor',
        'unique_id': 'temp_dhw',
      }),
      dict({
        'address': 32,
        'name': 'Outside temperature',
        'platform': 'sensor',
        'unique_id': 'temp_outside',
      }),
      dict({
        'address': 34,
        'name': 'COP (calculated)',
        'platform': 'sensor',
        'unique_id': 'cop_calc',
      }),
      dict({
        'address': 36,
        'name': 'Current power',
        'platform': 'sensor',
        'unique_id': 'power_thermic',
      }),
      dict({
        'address': 38,
        'name': 'Status code',
        'platform': 'sensor',
        'unique_id': 'status_code',
      }),
      dict({
        'address': 39,
        'name': 'Calculated heat pump setpoint',
        'platform': 'sensor',
        'unique_id': 'regsetp',
      }),
      dict({
        'address': 41,
        'name': 'Cooling setpoint',
        'platform': 'sensor',
        'unique_id': 'coolsetp_1',
      }),
      dict({
        'address': 43,
        'name': 'Heating setpoint',
        'platform': 'sensor',
        'unique_id': 'heatsetp_1',
      }),
      dict({
        'address': 45,
        'name': 'Current compressor speed',
        'platform': 'sensor',
        'unique_id': 'compressor_speed',
      }),
      dict({
        'address': 47,
        'name': 'Active DHW setpoint',
        'platform': 'sensor',
        'unique_id': 'dhw_setp',
      }),
      dict({
        'address': 50,
        'name': 'Working hours DHW',
        'platform': 'sensor',
        'unique_id': 'workinghours_dhw_hrsret',
      }),
      dict({
        'address': 52,
        'name': 'Working hours heating',
        'platform': 'sensor',
        'unique_id': 'workinghours_heat_hrsret',
      }),
      dict({
        'address': 54,
        'name': 'Working hours cooling',
        'platform': 'sensor',
        'unique_id': 'workinghours_cool_hrsret',
      }),
      dict({
        'address': 56,
        'name': 'Working hours heater 1',
        'platform': 'sensor',
        'unique_id': 'workinghours_heater1_hrs',
      }),
      dict({
        'address': 58,
        'name': 'Working hours heater 2',
        'platform': 'sensor',
        'unique_id': 'workinghours_heater2_hrs',
      }),
      dict({
        'address': 60,
        'name': 'Working hours heater 3',
        'platform': 'sensor',
        'unique_id': 'workinghours_heater3_hrs',
      }),
      dict({
        'address': 61,
        'name': 'Total electric power (calculated)',
        'platform': 'sensor',
        'unique_id': 'power_electric',
      }),
      dict({
        'address': 65,
        'name': 'Plant regulation setpoint',
        'platform': 'sensor',
        'unique_id': 'plantsetp',
      }),
      dict({
        'address': 69,
        'name': 'Total electric consumption (excl. standby)',
        'platform': 'sensor',
        'unique_id': 'energy_total_electric',
      }),
      dict({
        'address': 71,
        'name': 'Total thermic yield',
        'platform': 'sensor',
        'unique_id': 'energy_total_thermic',
      }),
      dict({
        'address': 75,
        'name': 'Linq room temperature',
        'platform': 'sensor',
        'unique_id': 'modbus_roomtemp',
      }),
      dict({
        'address': 18,
        'name': 'Flow rate',
        'platform': 'sensor',
        'unique_id': 'flow_rate',
      }),
      dict({
        'address': 27,
        'name': 'Room setpoint heating (day)',
        'platform': 'sensor',
        'unique_id': 'setpoint_room_heat_day',
      }),
      dict({
        'address': 29,
        'name': 'Room setpoint heating (night)',
        'platform': 'sensor',
        'unique_id': 'setpoint_room_heat_night',
      }),
      dict({
        'address': 31,
        'name': 'Room setpoint cooling (day)',
        'platform': 'sensor',
        'unique_id': 'setpoint_room_cool_day',
      }),
      dict({
        'address': 33,
        'name': 'Room setpoint cooling (night)',
        'platform': 'sensor',
        'unique_id': 'setpoint_room_cool_night',
      }),
      dict({
        'address': 173,
        'name': 'DHW setpoint (Modbus)',
        'platform': 'sensor',
        'unique_id': 'setpoint_dhw',
      }),
      dict({
        'address': 22,
        'name': 'Enable summer mode (cooling)',
        'platform': 'switch',
        'unique_id': 'bms_summerwinter',
      }),
      dict({
        'address': 23,
        'name': 'Start DHW heating',
        'platform': 'switch',
        'unique_id': 'tapw_timeprogram_bms_forced',
      }),
      dict({
        'address': 45,
        'name': 'Start anti-legionella',
        'platform': 'switch',
        'unique_id': 'antilegionella_frcstart_ant',
      }),
      dict({
        'address': 62,
        'name': 'Enable heating curve',
        'platform': 'switch',
        'unique_id': 'en_plantsetp_compens',
      }),
      dict({
        'address': 65,
        'name': 'SG Ready A',
        'platform': 'switch',
        'unique_id': 'bms_sgready_a',
      }),
      dict({
        'address': 66,
        'name': 'SG Ready B',
        'platform': 'switch',
        'unique_id': 'bms_sgready_b',
      }),
      dict({
        'address': 67,
        'name': 'Activate heat demand',
        'platform': 'switch',
        'unique_id': 'modbus_demand',
      }),
    ]),
    'entry': dict({
      'data': dict({
        'host': '**REDACTED**',
        'name': 'qube 1',
      }),
      'entry_id': '01JQUBEHEATPUMP00000000000',
      'options': dict({
      }),
    }),
    'firmware_version': '4.10',
    'hub': dict({
      'err_connect': 0,
      'err_read': 0,
      'host': '**REDACTED**',
      'label': 'qube_1',
      'multi_device': False,
      'port': '**REDACTED**',
      'resolved_ip': '**REDACTED**',
    }),
  })
# ---
